2025-12-10 01:53:10.832 WARN  [HikariPool-1:housekeeper] PoolBase:185 - HikariPool-1 - Failed to validate connection org.postgresql.jdbc.PgConnection@3914110e (This connection has been closed.). Possibly consider using a shorter maxLifetime value.
2025-12-10 01:53:15.948 WARN  [HikariPool-1:housekeeper] PoolBase:185 - HikariPool-1 - Failed to validate connection org.postgresql.jdbc.PgConnection@429720a5 (This connection has been closed.). Possibly consider using a shorter maxLifetime value.
2025-12-10 01:53:44.819 WARN  [HikariPool-1:housekeeper] PoolBase:185 - HikariPool-1 - Failed to validate connection org.postgresql.jdbc.PgConnection@39731f20 (This connection has been closed.). Possibly consider using a shorter maxLifetime value.
2025-12-10 01:54:06.478 WARN  [HikariPool-1:housekeeper] PoolBase:185 - HikariPool-1 - Failed to validate connection org.postgresql.jdbc.PgConnection@1a08105a (This connection has been closed.). Possibly consider using a shorter maxLifetime value.
2025-12-10 01:54:24.724 WARN  [HikariPool-1:housekeeper] PoolBase:185 - HikariPool-1 - Failed to validate connection org.postgresql.jdbc.PgConnection@2c703db0 (This connection has been closed.). Possibly consider using a shorter maxLifetime value.
2025-12-10 01:54:36.884 WARN  [HikariPool-1:housekeeper] PoolBase:185 - HikariPool-1 - Failed to validate connection org.postgresql.jdbc.PgConnection@1b9af398 (This connection has been closed.). Possibly consider using a shorter maxLifetime value.
2025-12-10 01:54:41.898 WARN  [HikariPool-1:housekeeper] PoolBase:185 - HikariPool-1 - Failed to validate connection org.postgresql.jdbc.PgConnection@66e85220 (This connection has been closed.). Possibly consider using a shorter maxLifetime value.
2025-12-10 01:54:54.334 WARN  [HikariPool-1:housekeeper] PoolBase:185 - HikariPool-1 - Failed to validate connection org.postgresql.jdbc.PgConnection@3ef54f53 (This connection has been closed.). Possibly consider using a shorter maxLifetime value.
2025-12-10 01:55:31.108 WARN  [HikariPool-1:housekeeper] PoolBase:185 - HikariPool-1 - Failed to validate connection org.postgresql.jdbc.PgConnection@12a2bc2d (This connection has been closed.). Possibly consider using a shorter maxLifetime value.
2025-12-10 01:56:38.947 WARN  [HikariPool-1:housekeeper] PoolBase:185 - HikariPool-1 - Failed to validate connection org.postgresql.jdbc.PgConnection@f2ae338 (This connection has been closed.). Possibly consider using a shorter maxLifetime value.
2025-12-10 01:56:43.957 WARN  [HikariPool-1:housekeeper] PoolBase:185 - HikariPool-1 - Failed to validate connection org.postgresql.jdbc.PgConnection@42570f97 (This connection has been closed.). Possibly consider using a shorter maxLifetime value.
2025-12-10 01:56:48.966 WARN  [HikariPool-1:housekeeper] PoolBase:185 - HikariPool-1 - Failed to validate connection org.postgresql.jdbc.PgConnection@cdd92f2 (This connection has been closed.). Possibly consider using a shorter maxLifetime value.
2025-12-10 01:56:53.970 WARN  [HikariPool-1:housekeeper] PoolBase:185 - HikariPool-1 - Failed to validate connection org.postgresql.jdbc.PgConnection@2fc0f057 (This connection has been closed.). Possibly consider using a shorter maxLifetime value.
2025-12-10 01:56:58.972 WARN  [HikariPool-1:housekeeper] PoolBase:185 - HikariPool-1 - Failed to validate connection org.postgresql.jdbc.PgConnection@2fffa13a (This connection has been closed.). Possibly consider using a shorter maxLifetime value.
2025-12-10 01:57:03.987 WARN  [HikariPool-1:housekeeper] PoolBase:185 - HikariPool-1 - Failed to validate connection org.postgresql.jdbc.PgConnection@59ec59e1 (This connection has been closed.). Possibly consider using a shorter maxLifetime value.
2025-12-10 01:57:08.999 WARN  [HikariPool-1:housekeeper] PoolBase:185 - HikariPool-1 - Failed to validate connection org.postgresql.jdbc.PgConnection@6b7cf66c (This connection has been closed.). Possibly consider using a shorter maxLifetime value.
2025-12-10 01:57:14.003 WARN  [HikariPool-1:housekeeper] PoolBase:185 - HikariPool-1 - Failed to validate connection org.postgresql.jdbc.PgConnection@13cf49ca (This connection has been closed.). Possibly consider using a shorter maxLifetime value.
2025-12-10 01:57:19.014 WARN  [HikariPool-1:housekeeper] PoolBase:185 - HikariPool-1 - Failed to validate connection org.postgresql.jdbc.PgConnection@651ef168 (This connection has been closed.). Possibly consider using a shorter maxLifetime value.
2025-12-10 01:57:31.427 WARN  [HikariPool-1:connection-adder] PoolBase:388 - HikariPool-1 - Pool is empty, failed to create/setup connection (967b7215-9c04-45e2-ac17-8c7f252d8210)
org.postgresql.util.PSQLException: El intento de conexión falló.
	at org.postgresql.core.v3.ConnectionFactoryImpl.openConnectionImpl(ConnectionFactoryImpl.java:385) ~[postgresql-42.7.7.jar:42.7.7]
	at org.postgresql.core.ConnectionFactory.openConnection(ConnectionFactory.java:57) ~[postgresql-42.7.7.jar:42.7.7]
	at org.postgresql.jdbc.PgConnection.<init>(PgConnection.java:277) ~[postgresql-42.7.7.jar:42.7.7]
	at org.postgresql.Driver.makeConnection(Driver.java:448) ~[postgresql-42.7.7.jar:42.7.7]
	at org.postgresql.Driver.connect(Driver.java:298) ~[postgresql-42.7.7.jar:42.7.7]
	at com.zaxxer.hikari.util.DriverDataSource.getConnection(DriverDataSource.java:144) ~[HikariCP-6.3.3.jar:?]
	at com.zaxxer.hikari.pool.PoolBase.newConnection(PoolBase.java:370) ~[HikariCP-6.3.3.jar:?]
	at com.zaxxer.hikari.pool.PoolBase.newPoolEntry(PoolBase.java:207) ~[HikariCP-6.3.3.jar:?]
	at com.zaxxer.hikari.pool.HikariPool.createPoolEntry(HikariPool.java:488) ~[HikariCP-6.3.3.jar:?]
	at com.zaxxer.hikari.pool.HikariPool$PoolEntryCreator.call(HikariPool.java:752) ~[HikariCP-6.3.3.jar:?]
	at com.zaxxer.hikari.pool.HikariPool$PoolEntryCreator.call(HikariPool.java:731) ~[HikariCP-6.3.3.jar:?]
	at java.base/java.util.concurrent.FutureTask.run(FutureTask.java:317) ~[?:?]
	at java.base/java.util.concurrent.ThreadPoolExecutor.runWorker(ThreadPoolExecutor.java:1144) ~[?:?]
	at java.base/java.util.concurrent.ThreadPoolExecutor$Worker.run(ThreadPoolExecutor.java:642) ~[?:?]
	at java.base/java.lang.Thread.run(Thread.java:1583) [?:?]
Caused by: java.net.SocketTimeoutException: Connect timed out
	at java.base/sun.nio.ch.NioSocketImpl.timedFinishConnect(NioSocketImpl.java:546) ~[?:?]
	at java.base/sun.nio.ch.NioSocketImpl.connect(NioSocketImpl.java:592) ~[?:?]
	at java.base/java.net.SocksSocketImpl.connect(SocksSocketImpl.java:327) ~[?:?]
	at java.base/java.net.Socket.connect(Socket.java:751) ~[?:?]
	at org.postgresql.core.PGStream.createSocket(PGStream.java:261) ~[postgresql-42.7.7.jar:42.7.7]
	at org.postgresql.core.PGStream.<init>(PGStream.java:122) ~[postgresql-42.7.7.jar:42.7.7]
	at org.postgresql.core.v3.ConnectionFactoryImpl.tryConnect(ConnectionFactoryImpl.java:146) ~[postgresql-42.7.7.jar:42.7.7]
	at org.postgresql.core.v3.ConnectionFactoryImpl.openConnectionImpl(ConnectionFactoryImpl.java:289) ~[postgresql-42.7.7.jar:42.7.7]
	... 14 more
2025-12-10 01:58:46.498 WARN  [HikariPool-1:connection-adder] PoolBase:388 - HikariPool-1 - Pool is empty, failed to create/setup connection (4150774f-284f-4574-8c25-03e90a365cb9)
org.postgresql.util.PSQLException: El intento de conexión falló.
	at org.postgresql.core.v3.ConnectionFactoryImpl.openConnectionImpl(ConnectionFactoryImpl.java:385) ~[postgresql-42.7.7.jar:42.7.7]
	at org.postgresql.core.ConnectionFactory.openConnection(ConnectionFactory.java:57) ~[postgresql-42.7.7.jar:42.7.7]
	at org.postgresql.jdbc.PgConnection.<init>(PgConnection.java:277) ~[postgresql-42.7.7.jar:42.7.7]
	at org.postgresql.Driver.makeConnection(Driver.java:448) ~[postgresql-42.7.7.jar:42.7.7]
	at org.postgresql.Driver.connect(Driver.java:298) ~[postgresql-42.7.7.jar:42.7.7]
	at com.zaxxer.hikari.util.DriverDataSource.getConnection(DriverDataSource.java:144) ~[HikariCP-6.3.3.jar:?]
	at com.zaxxer.hikari.pool.PoolBase.newConnection(PoolBase.java:370) ~[HikariCP-6.3.3.jar:?]
	at com.zaxxer.hikari.pool.PoolBase.newPoolEntry(PoolBase.java:207) ~[HikariCP-6.3.3.jar:?]
	at com.zaxxer.hikari.pool.HikariPool.createPoolEntry(HikariPool.java:488) ~[HikariCP-6.3.3.jar:?]
	at com.zaxxer.hikari.pool.HikariPool$PoolEntryCreator.call(HikariPool.java:752) ~[HikariCP-6.3.3.jar:?]
	at com.zaxxer.hikari.pool.HikariPool$PoolEntryCreator.call(HikariPool.java:731) ~[HikariCP-6.3.3.jar:?]
	at java.base/java.util.concurrent.FutureTask.run(FutureTask.java:317) ~[?:?]
	at java.base/java.util.concurrent.ThreadPoolExecutor.runWorker(ThreadPoolExecutor.java:1144) ~[?:?]
	at java.base/java.util.concurrent.ThreadPoolExecutor$Worker.run(ThreadPoolExecutor.java:642) ~[?:?]
	at java.base/java.lang.Thread.run(Thread.java:1583) [?:?]
Caused by: java.net.SocketTimeoutException: Connect timed out
	at java.base/sun.nio.ch.NioSocketImpl.timedFinishConnect(NioSocketImpl.java:546) ~[?:?]
	at java.base/sun.nio.ch.NioSocketImpl.connect(NioSocketImpl.java:592) ~[?:?]
	at java.base/java.net.SocksSocketImpl.connect(SocksSocketImpl.java:327) ~[?:?]
	at java.base/java.net.Socket.connect(Socket.java:751) ~[?:?]
	at org.postgresql.core.PGStream.createSocket(PGStream.java:261) ~[postgresql-42.7.7.jar:42.7.7]
	at org.postgresql.core.PGStream.<init>(PGStream.java:122) ~[postgresql-42.7.7.jar:42.7.7]
	at org.postgresql.core.v3.ConnectionFactoryImpl.tryConnect(ConnectionFactoryImpl.java:146) ~[postgresql-42.7.7.jar:42.7.7]
	at org.postgresql.core.v3.ConnectionFactoryImpl.openConnectionImpl(ConnectionFactoryImpl.java:289) ~[postgresql-42.7.7.jar:42.7.7]
	... 14 more
2025-12-10 01:59:11.972 INFO  [SpringApplicationShutdownHook] HikariDataSource:349 - HikariPool-1 - Shutdown initiated...
2025-12-10 01:59:21.540 INFO  [SpringApplicationShutdownHook] HikariDataSource:351 - HikariPool-1 - Shutdown completed.
